SQL> select * from tab;

TNAME                          TABTYPE  CLUSTERID                               
------------------------------ ------- ----------                               
DEPT                           TABLE                                            
EMP                            TABLE                                            
BONUS                          TABLE                                            
SALGRADE                       TABLE                                            
CUSTOMERS                      TABLE                                            

SQL> select * from emp;

     EMPNO ENAME      JOB              MGR HIREDATE         SAL       COMM      
---------- ---------- --------- ---------- --------- ---------- ----------      
    DEPTNO                                                                      
----------                                                                      
      7369 SMITH      CLERK           7902 17-DEC-80        800                 
        20                                                                      
                                                                                
      7499 ALLEN      SALESMAN        7698 20-FEB-81       1600        300      
        30                                                                      
                                                                                
      7521 WARD       SALESMAN        7698 22-FEB-81       1250        500      
        30                                                                      
                                                                                

     EMPNO ENAME      JOB              MGR HIREDATE         SAL       COMM      
---------- ---------- --------- ---------- --------- ---------- ----------      
    DEPTNO                                                                      
----------                                                                      
      7566 JONES      MANAGER         7839 02-APR-81       2975                 
        20                                                                      
                                                                                
      7654 MARTIN     SALESMAN        7698 28-SEP-81       1250       1400      
        30                                                                      
                                                                                
      7698 BLAKE      MANAGER         7839 01-MAY-81       2850                 
        30                                                                      
                                                                                

     EMPNO ENAME      JOB              MGR HIREDATE         SAL       COMM      
---------- ---------- --------- ---------- --------- ---------- ----------      
    DEPTNO                                                                      
----------                                                                      
      7782 CLARK      MANAGER         7839 09-JUN-81       2450                 
        10                                                                      
                                                                                
      7788 SCOTT      ANALYST         7566 19-APR-87       3000                 
        20                                                                      
                                                                                
      7839 KING       PRESIDENT            17-NOV-81       5000                 
        10                                                                      
                                                                                

     EMPNO ENAME      JOB              MGR HIREDATE         SAL       COMM      
---------- ---------- --------- ---------- --------- ---------- ----------      
    DEPTNO                                                                      
----------                                                                      
      7844 TURNER     SALESMAN        7698 08-SEP-81       1500          0      
        30                                                                      
                                                                                
      7876 ADAMS      CLERK           7788 23-MAY-87       1100                 
        20                                                                      
                                                                                
      7900 JAMES      CLERK           7698 03-DEC-81        950                 
        30                                                                      
                                                                                

     EMPNO ENAME      JOB              MGR HIREDATE         SAL       COMM      
---------- ---------- --------- ---------- --------- ---------- ----------      
    DEPTNO                                                                      
----------                                                                      
      7902 FORD       ANALYST         7566 03-DEC-81       3000                 
        20                                                                      
                                                                                
      7934 MILLER     CLERK           7782 23-JAN-82       1300                 
        10                                                                      
                                                                                

14 rows selected.

SQL> set pages100 line 100;
SQL> /

     EMPNO ENAME      JOB              MGR HIREDATE         SAL       COMM     DEPTNO               
---------- ---------- --------- ---------- --------- ---------- ---------- ----------               
      7369 SMITH      CLERK           7902 17-DEC-80        800                    20               
      7499 ALLEN      SALESMAN        7698 20-FEB-81       1600        300         30               
      7521 WARD       SALESMAN        7698 22-FEB-81       1250        500         30               
      7566 JONES      MANAGER         7839 02-APR-81       2975                    20               
      7654 MARTIN     SALESMAN        7698 28-SEP-81       1250       1400         30               
      7698 BLAKE      MANAGER         7839 01-MAY-81       2850                    30               
      7782 CLARK      MANAGER         7839 09-JUN-81       2450                    10               
      7788 SCOTT      ANALYST         7566 19-APR-87       3000                    20               
      7839 KING       PRESIDENT            17-NOV-81       5000                    10               
      7844 TURNER     SALESMAN        7698 08-SEP-81       1500          0         30               
      7876 ADAMS      CLERK           7788 23-MAY-87       1100                    20               
      7900 JAMES      CLERK           7698 03-DEC-81        950                    30               
      7902 FORD       ANALYST         7566 03-DEC-81       3000                    20               
      7934 MILLER     CLERK           7782 23-JAN-82       1300                    10               

14 rows selected.

SQL> select count(*),deptno
  2  from emp
  3  group by deptno
  4  select count(*),deptno
  5   from emp
  6  where job='CLERK'
  7  group by deptno
  8  having count(job)>2;
select count(*),deptno
*
ERROR at line 4:
ORA-00933: SQL command not properly ended 


SQL> select count(*),deptno
  2  from emp where job='CLERK' Group by deptno having count(*)>=2;

  COUNT(*)     DEPTNO                                                                               
---------- ----------                                                                               
         2         20                                                                               

SQL> select sum(sal),deptno
  2  from emp
  3  Group by deptno
  4  having count(*)>=4;

  SUM(SAL)     DEPTNO                                                                               
---------- ----------                                                                               
      9400         30                                                                               
     10875         20                                                                               

SQL> select count(*) sal
  2  from emp
  3  where sal>1200
  4  group by job
  5  having count(*);
having count(*)
              *
ERROR at line 5:
ORA-00920: invalid relational operator 


SQL> select count(*)
  2  from emp
  3  where sal>1200
  4  group by job
  5  having count(*)
  6  ;

*
ERROR at line 6:
ORA-00920: invalid relational operator 


SQL> select count(*),sum(sal)
  2  from emp
  3  where sal>1200
  4  group by job
  5  having sum(sal)>3800;

  COUNT(*)   SUM(SAL)                                                                               
---------- ----------                                                                               
         4       5600                                                                               
         1       5000                                                                               
         3       8275                                                                               
         2       6000                                                                               

SQL> select count(*),deptno
  2  from emp
  3  where job='MANAGER'
  4  group by deptno
  5  having count(*)>=2;

no rows selected

SQL> select count(*),deptno
  2  from emp
  3  where job='MANAGER'
  4  group by deptno
  5  having count(*)>=2;

no rows selected

SQL> select count(*),dept
  2  from emp
  3  where job='MANAGER'
  4  
SQL> select count(*),deptno
  2  from emp
  3  where job='MANAGER'
  4  group by job
  5  having count(*)>=2;
select count(*),deptno
                *
ERROR at line 1:
ORA-00979: not a GROUP BY expression 


SQL> select job,max(Sal)
  2  from emp
  3  group by job
  4  having max(sal)>2600;

JOB         MAX(SAL)                                                                                
--------- ----------                                                                                
PRESIDENT       5000                                                                                
MANAGER         2975                                                                                
ANALYST         3000                                                                                

SQL> select avg(sal),deptno
  2  from emp
  3  group by deptno
  4  having avg(sal)<3000;

  AVG(SAL)     DEPTNO                                                                               
---------- ----------                                                                               
1566.66667         30                                                                               
      2175         20                                                                               
2916.66667         10                                                                               

SQL> select deptno
  2  from emp
  3  where ename like '%A%' or ename like '%s%'
  4  group by deptno
  5  having count(*)>=3;

    DEPTNO                                                                                          
----------                                                                                          
        30                                                                                          

SQL> select sal from emp
  2  group by sal
  3  having count(*)>1;

       SAL                                                                                          
----------                                                                                          
      1250                                                                                          
      3000                                                                                          

SQL> select mix(sal),max(Sal)
  2  from emp
  3  group by job
  4  having min(sal)>1000 and max(sal)>5000;
select mix(sal),max(Sal)
       *
ERROR at line 1:
ORA-00904: "MIX": invalid identifier 


SQL> select max(sal),min(Sal)
  2  from emp
  3  group by job
  4  having min(sal)>1000 and max(Sal)>5000;

no rows selected

SQL> select max(sal),min(Sal)
  2  from emp
  3  group by job
  4  having min(sal)<1000 and max(sal)>5000;

no rows selected

SQL> spool off
