SQL> select * from tab;

TNAME                          TABTYPE  CLUSTERID                               
------------------------------ ------- ----------                               
DEPT                           TABLE                                            
EMP                            TABLE                                            
BONUS                          TABLE                                            
SALGRADE                       TABLE                                            
CUSTOMERS                      TABLE                                            

SQL> select * from emp;

     EMPNO ENAME      JOB              MGR HIREDATE         SAL       COMM      
---------- ---------- --------- ---------- --------- ---------- ----------      
    DEPTNO                                                                      
----------                                                                      
      7369 SMITH      CLERK           7902 17-DEC-80        800                 
        20                                                                      
                                                                                
      7499 ALLEN      SALESMAN        7698 20-FEB-81       1600        300      
        30                                                                      
                                                                                
      7521 WARD       SALESMAN        7698 22-FEB-81       1250        500      
        30                                                                      
                                                                                

     EMPNO ENAME      JOB              MGR HIREDATE         SAL       COMM      
---------- ---------- --------- ---------- --------- ---------- ----------      
    DEPTNO                                                                      
----------                                                                      
      7566 JONES      MANAGER         7839 02-APR-81       2975                 
        20                                                                      
                                                                                
      7654 MARTIN     SALESMAN        7698 28-SEP-81       1250       1400      
        30                                                                      
                                                                                
      7698 BLAKE      MANAGER         7839 01-MAY-81       2850                 
        30                                                                      
                                                                                

     EMPNO ENAME      JOB              MGR HIREDATE         SAL       COMM      
---------- ---------- --------- ---------- --------- ---------- ----------      
    DEPTNO                                                                      
----------                                                                      
      7782 CLARK      MANAGER         7839 09-JUN-81       2450                 
        10                                                                      
                                                                                
      7788 SCOTT      ANALYST         7566 19-APR-87       3000                 
        20                                                                      
                                                                                
      7839 KING       PRESIDENT            17-NOV-81       5000                 
        10                                                                      
                                                                                

     EMPNO ENAME      JOB              MGR HIREDATE         SAL       COMM      
---------- ---------- --------- ---------- --------- ---------- ----------      
    DEPTNO                                                                      
----------                                                                      
      7844 TURNER     SALESMAN        7698 08-SEP-81       1500          0      
        30                                                                      
                                                                                
      7876 ADAMS      CLERK           7788 23-MAY-87       1100                 
        20                                                                      
                                                                                
      7900 JAMES      CLERK           7698 03-DEC-81        950                 
        30                                                                      
                                                                                

     EMPNO ENAME      JOB              MGR HIREDATE         SAL       COMM      
---------- ---------- --------- ---------- --------- ---------- ----------      
    DEPTNO                                                                      
----------                                                                      
      7902 FORD       ANALYST         7566 03-DEC-81       3000                 
        20                                                                      
                                                                                
      7934 MILLER     CLERK           7782 23-JAN-82       1300                 
        10                                                                      
                                                                                

14 rows selected.

SQL> set pages 100 lines 100
SQL> /

     EMPNO ENAME      JOB              MGR HIREDATE         SAL       COMM     DEPTNO               
---------- ---------- --------- ---------- --------- ---------- ---------- ----------               
      7369 SMITH      CLERK           7902 17-DEC-80        800                    20               
      7499 ALLEN      SALESMAN        7698 20-FEB-81       1600        300         30               
      7521 WARD       SALESMAN        7698 22-FEB-81       1250        500         30               
      7566 JONES      MANAGER         7839 02-APR-81       2975                    20               
      7654 MARTIN     SALESMAN        7698 28-SEP-81       1250       1400         30               
      7698 BLAKE      MANAGER         7839 01-MAY-81       2850                    30               
      7782 CLARK      MANAGER         7839 09-JUN-81       2450                    10               
      7788 SCOTT      ANALYST         7566 19-APR-87       3000                    20               
      7839 KING       PRESIDENT            17-NOV-81       5000                    10               
      7844 TURNER     SALESMAN        7698 08-SEP-81       1500          0         30               
      7876 ADAMS      CLERK           7788 23-MAY-87       1100                    20               
      7900 JAMES      CLERK           7698 03-DEC-81        950                    30               
      7902 FORD       ANALYST         7566 03-DEC-81       3000                    20               
      7934 MILLER     CLERK           7782 23-JAN-82       1300                    10               

14 rows selected.

SQL> select * from emp where DEPTNO=10 AND SAL<2000;

     EMPNO ENAME      JOB              MGR HIREDATE         SAL       COMM     DEPTNO               
---------- ---------- --------- ---------- --------- ---------- ---------- ----------               
      7934 MILLER     CLERK           7782 23-JAN-82       1300                    10               

SQL> ED
Wrote file afiedt.buf

  1* select * from emp where DEPTNO=10 AND SAL<2000
SQL> SELECT COUNT(*) FROM EMP WHERE SAL<2000 AND DEPTNO=10;

  COUNT(*)                                                                                          
----------                                                                                          
         1                                                                                          

SQL> SELECT SUM(SAL) FROM EMP WHERE JOB='CLERK';

  SUM(SAL)                                                                                          
----------                                                                                          
      4150                                                                                          

SQL> SELECT AVG(SAL) FROM EMP ;

  AVG(SAL)                                                                                          
----------                                                                                          
2073.21429                                                                                          

SQL> SELECT COUNT(*) FROM EMP WHERE ENAME='A';

  COUNT(*)                                                                                          
----------                                                                                          
         0                                                                                          

SQL> SELECT COUNT(*) FROM EMP WHERE ENAME='A%';

  COUNT(*)                                                                                          
----------                                                                                          
         0                                                                                          

SQL> ED
Wrote file afiedt.buf

  1* SELECT COUNT(*) FROM EMP WHERE ENAME LIKE'A%'
SQL> /

  COUNT(*)                                                                                          
----------                                                                                          
         2                                                                                          

SQL> SELECT COUNT(*) FROM EMP WHERE JOB='CLERK' AND JOB='MANAGER';

  COUNT(*)                                                                                          
----------                                                                                          
         0                                                                                          

SQL> SELECT COUNT(*) FROM EMP WHERE JOB IN('CLERK','MANAGER');

  COUNT(*)                                                                                          
----------                                                                                          
         7                                                                                          

SQL> SELECT SUM(SAL) FROM EMP WHER HIREDATE LIKE'___FEB___';
SELECT SUM(SAL) FROM EMP WHER HIREDATE LIKE'___FEB___'
                              *
ERROR at line 1:
ORA-00933: SQL command not properly ended 


SQL> SELECT SUM(SAL) FROM EMP WHERE HIREDATE LIKE'___FEB___';

  SUM(SAL)                                                                                          
----------                                                                                          
      2850                                                                                          

SQL> SELECT COUNT(*) FROM EMP WHERE MGR=7839';
ERROR:
ORA-01756: quoted string not properly terminated 


SQL> SELECT COUNT(*) FROM EMP WHERE MGR=7839;

  COUNT(*)                                                                                          
----------                                                                                          
         3                                                                                          

SQL> SELECT COUNT(*) FROM EMP WHERE (COMM IS NOT NULL) AND (DEPTNO=30);

  COUNT(*)                                                                                          
----------                                                                                          
         4                                                                                          

SQL> SELECT AVG(sAL),SUM(SAL), COUNT(*),MAX(SAL) FROM EMP WHERE JOB='PRESIDENT';

  AVG(SAL)   SUM(SAL)   COUNT(*)   MAX(SAL)                                                         
---------- ---------- ---------- ----------                                                         
      5000       5000          1       5000                                                         

SQL> SELECT COUNT(*) FROM WHERE ENAME LIKE='%A%';
SELECT COUNT(*) FROM WHERE ENAME LIKE='%A%'
                     *
ERROR at line 1:
ORA-00903: invalid table name 


SQL> SELECT COUNT(*) FROM EMP WHERE ENAME LIKE '%A%';

  COUNT(*)                                                                                          
----------                                                                                          
         7                                                                                          

SQL> SELECT COUNT(*
  2  SELECT COUNT(*) , SUM(SAL) FROM WHERE ENAME LIKE '%LL%';
SELECT COUNT(*) , SUM(SAL) FROM WHERE ENAME LIKE '%LL%'
*
ERROR at line 2:
ORA-00907: missing right parenthesis 


SQL> SELECT COUNT(*) , SUM(SAL) FROM EMP WHERE ENAME LIKE '%LL%';

  COUNT(*)   SUM(SAL)                                                                               
---------- ----------                                                                               
         2       2900                                                                               

SQL> SELECT COUNT(JOB) FROM EMP;

COUNT(JOB)                                                                                          
----------                                                                                          
        14                                                                                          

SQL> SELECT COUNT(*) FROM EMP WHERE ENAME LIKE='Z';
SELECT COUNT(*) FROM EMP WHERE ENAME LIKE='Z'
                                         *
ERROR at line 1:
ORA-00936: missing expression 


SQL> SELECT COUNT(*) FROM EMP WHERE ENAME LIKE='%Z%';
SELECT COUNT(*) FROM EMP WHERE ENAME LIKE='%Z%'
                                         *
ERROR at line 1:
ORA-00936: missing expression 


SQL> SELECT COUNT(*) FROM EMP WHERE ENAME LIKE '%Z%';

  COUNT(*)                                                                                          
----------                                                                                          
         0                                                                                          

SQL> SELECT SUM(SAL) FROM EMP WHERE ENAME LIKE '%$%'
  2  /

  SUM(SAL)                                                                                          
----------                                                                                          
                                                                                                    

SQL> SELECT SUM(SAL) FROM EMP WHERE ENAME LIKE'%$%';

  SUM(SAL)                                                                                          
----------                                                                                          
                                                                                                    

SQL> SELECT COUNT(DISTINCT DEPTNO) FROM EMP;

COUNT(DISTINCTDEPTNO)                                                                               
---------------------                                                                               
                    3                                                                               

SQL> SELECT COUNT(DISTINTCT SAL) FROM EMP;
SELECT COUNT(DISTINTCT SAL) FROM EMP
                       *
ERROR at line 1:
ORA-00907: missing right parenthesis 


SQL> SELECT COUNT (DISTINCT SAL) FROM EMP;

COUNT(DISTINCTSAL)                                                                                  
------------------                                                                                  
                12                                                                                  

SQL>  SELECT COUNT(DISTINCT JOB) FROM EMP;

COUNT(DISTINCTJOB)                                                                                  
------------------                                                                                  
                 5                                                                                  

SQL> SELECT AVG(sAL) FROM EMP WHERE JOB='CLERK';

  AVG(SAL)                                                                                          
----------                                                                                          
    1037.5                                                                                          

SQL> SELECT MIN(SAL) FROM EMP WHERE DEPTNO=10 AND JOB IN('MANAGER','CLERK');

  MIN(SAL)                                                                                          
----------                                                                                          
      1300                                                                                          

SQL> Spool off
