SQL> select * from tab;

TNAME                          TABTYPE  CLUSTERID                               
------------------------------ ------- ----------                               
DEPT                           TABLE                                            
EMP                            TABLE                                            
BONUS                          TABLE                                            
SALGRADE                       TABLE                                            
CUSTOMERS                      TABLE                                            

SQL> set pages 100 lines 100;
SQL> select * from dept;

    DEPTNO DNAME          LOC                                                                       
---------- -------------- -------------                                                             
        10 ACCOUNTING     NEW YORK                                                                  
        20 RESEARCH       DALLAS                                                                    
        30 SALES          CHICAGO                                                                   
        40 OPERATIONS     BOSTON                                                                    

SQL> select * from emp;

     EMPNO ENAME      JOB              MGR HIREDATE         SAL       COMM     DEPTNO               
---------- ---------- --------- ---------- --------- ---------- ---------- ----------               
      7369 SMITH      CLERK           7902 17-DEC-80        800                    20               
      7499 ALLEN      SALESMAN        7698 20-FEB-81       1600        300         30               
      7521 WARD       SALESMAN        7698 22-FEB-81       1250        500         30               
      7566 JONES      MANAGER         7839 02-APR-81       2975                    20               
      7654 MARTIN     SALESMAN        7698 28-SEP-81       1250       1400         30               
      7698 BLAKE      MANAGER         7839 01-MAY-81       2850                    30               
      7782 CLARK      MANAGER         7839 09-JUN-81       2450                    10               
      7788 SCOTT      ANALYST         7566 19-APR-87       3000                    20               
      7839 KING       PRESIDENT            17-NOV-81       5000                    10               
      7844 TURNER     SALESMAN        7698 08-SEP-81       1500          0         30               
      7876 ADAMS      CLERK           7788 23-MAY-87       1100                    20               
      7900 JAMES      CLERK           7698 03-DEC-81        950                    30               
      7902 FORD       ANALYST         7566 03-DEC-81       3000                    20               
      7934 MILLER     CLERK           7782 23-JAN-82       1300                    10               

14 rows selected.

SQL> select * from bonus;

no rows selected

SQL> select * from bonus;

no rows selected

SQL> select * from salgrade;

     GRADE      LOSAL      HISAL                                                                    
---------- ---------- ----------                                                                    
         1        700       1200                                                                    
         2       1201       1400                                                                    
         3       1401       2000                                                                    
         4       2001       3000                                                                    
         5       3001       9999                                                                    

SQL> select * from customer;
select * from customer
              *
ERROR at line 1:
ORA-00942: table or view does not exist 


SQL> select * from customer;
select * from customer
              *
ERROR at line 1:
ORA-00942: table or view does not exist 


SQL> select * from customers;

CUSTOMER_ID CUSTOMER_NAME                                                                           
----------- --------------------------------------------------                                      
CITY                                                                                                
--------------------------------------------------                                                  
         10 Shubhasis                                                                               
KOLKATA                                                                                             
                                                                                                    

SQL> select ename,sal,mgr from emp where sal>500;

ENAME             SAL        MGR                                                                    
---------- ---------- ----------                                                                    
SMITH             800       7902                                                                    
ALLEN            1600       7698                                                                    
WARD             1250       7698                                                                    
JONES            2975       7839                                                                    
MARTIN           1250       7698                                                                    
BLAKE            2850       7839                                                                    
CLARK            2450       7839                                                                    
SCOTT            3000       7566                                                                    
KING             5000                                                                               
TURNER           1500       7698                                                                    
ADAMS            1100       7788                                                                    
JAMES             950       7698                                                                    
FORD             3000       7566                                                                    
MILLER           1300       7782                                                                    

14 rows selected.

SQL> select ename,empno,job from emp where job='president';

no rows selected

SQL> select ename,empno,job from emp where job='PRESIDENT':
  2  /
select ename,empno,job from emp where job='PRESIDENT':
                                                     *
ERROR at line 1:
ORA-00933: SQL command not properly ended 


SQL> select ename,empno,job from emp where job='PRESIDENT';

ENAME           EMPNO JOB                                                                           
---------- ---------- ---------                                                                     
KING             7839 PRESIDENT                                                                     

SQL> SELECT employee_name, employee_number, designation, department_number, salary * 12 AS annual_salary
  2  FROM employees
  3  WHERE department_number = 10;
FROM employees
     *
ERROR at line 2:
ORA-00942: table or view does not exist 


SQL> select ename , empno,job,deptno,sal*12 AS anualsal from emp where deptno=10;

ENAME           EMPNO JOB           DEPTNO   ANUALSAL                                               
---------- ---------- --------- ---------- ----------                                               
CLARK            7782 MANAGER           10      29400                                               
KING             7839 PRESIDENT         10      60000                                               
MILLER           7934 CLERK             10      15600                                               

SQL> SELECT ENAME, MGR, SAL, JOB
  2  FROM EMP
  3  WHERE DEPTNO = 30
  4  AND SAL > 2000;

ENAME             MGR        SAL JOB                                                                
---------- ---------- ---------- ---------                                                          
BLAKE            7839       2850 MANAGER                                                            

SQL> SELECT ENAME, SAL, DEPTNO, JOB
  2  FROM EMP
  3  WHERE JOB IN ('SALESMAN', 'CLERK', 'ANALYST');

ENAME             SAL     DEPTNO JOB                                                                
---------- ---------- ---------- ---------                                                          
SMITH             800         20 CLERK                                                              
ALLEN            1600         30 SALESMAN                                                           
WARD             1250         30 SALESMAN                                                           
MARTIN           1250         30 SALESMAN                                                           
SCOTT            3000         20 ANALYST                                                            
TURNER           1500         30 SALESMAN                                                           
ADAMS            1100         20 CLERK                                                              
JAMES             950         30 CLERK                                                              
FORD             3000         20 ANALYST                                                            
MILLER           1300         10 CLERK                                                              

10 rows selected.

SQL> SELECT ENAME, JOB, HIREDATE, (SAL * 12) AS ANNUAL_SALARY
  2  FROM EMP
  3  WHERE JOB IN ('ANALYST', 'MANAGER')
  4  AND SAL IN (1250, 300, 800);

no rows selected

SQL> SELECT *
  2  FROM EMP
  3  WHERE HIREDATE IN (TO_DATE('31-DEC-1991', 'DD-MON-YYYY'), TO_DATE('01-MAY-1981', 'DD-MON-YYYY'))
  4  AND COMM > 200
  5  AND ENAME IN ('FORD', 'JAMES');

no rows selected

SQL> select * from emp where hiredate in(to_date('31-DEC-1991'),to_date('01-MAY-1981') and comm>200 and ename in ('FORD','JAMES');
select * from emp where hiredate in(to_date('31-DEC-1991'),to_date('01-MAY-1981') and comm>200 and ename in ('FORD','JAMES')
                                                                                  *
ERROR at line 1:
ORA-00907: missing right parenthesis 


SQL> select * from emp where hiredate in(to_date('31-DEC-1991'),to_date('01-MAY-1981'))and comm>200 and ename in ('FORD','JAMES');

no rows selected

SQL> SELECT ENAME, SAL, (SAL * 12) AS ANNUAL_SALARY
  2  FROM EMP
  3  WHERE (SAL * 12) > 500
  4  AND COMM IN (300, 500, 1400)
  5  AND MGR = 7698;

ENAME             SAL ANNUAL_SALARY                                                                 
---------- ---------- -------------                                                                 
ALLEN            1600         19200                                                                 
WARD             1250         15000                                                                 
MARTIN           1250         15000                                                                 

SQL> SELECT * FROM EMPWHERE HIREDATE > TO_DATE('20-FEB-1981') AND SAL<3000 AND COMM>100;
SELECT * FROM EMPWHERE HIREDATE > TO_DATE('20-FEB-1981') AND SAL<3000 AND COMM>100
                                *
ERROR at line 1:
ORA-00933: SQL command not properly ended 


SQL> SELECT *
  2  FROM EMP
  3  WHERE HIREDATE > TO_DATE('20-FEB-1981', 'DD-MON-YYYY')
  4  AND SAL < 3000
  5  AND COMM > 100;

     EMPNO ENAME      JOB              MGR HIREDATE         SAL       COMM     DEPTNO               
---------- ---------- --------- ---------- --------- ---------- ---------- ----------               
      7521 WARD       SALESMAN        7698 22-FEB-81       1250        500         30               
      7654 MARTIN     SALESMAN        7698 28-SEP-81       1250       1400         30               

SQL> SELECT *
  2  FROM EMP
  3  WHERE SAL BETWEEN 1000 AND 5000
  4  AND JOB IN ('MANAGER', 'SALESMAN', 'ANALYST');

     EMPNO ENAME      JOB              MGR HIREDATE         SAL       COMM     DEPTNO               
---------- ---------- --------- ---------- --------- ---------- ---------- ----------               
      7499 ALLEN      SALESMAN        7698 20-FEB-81       1600        300         30               
      7521 WARD       SALESMAN        7698 22-FEB-81       1250        500         30               
      7566 JONES      MANAGER         7839 02-APR-81       2975                    20               
      7654 MARTIN     SALESMAN        7698 28-SEP-81       1250       1400         30               
      7698 BLAKE      MANAGER         7839 01-MAY-81       2850                    30               
      7782 CLARK      MANAGER         7839 09-JUN-81       2450                    10               
      7788 SCOTT      ANALYST         7566 19-APR-87       3000                    20               
      7844 TURNER     SALESMAN        7698 08-SEP-81       1500          0         30               
      7902 FORD       ANALYST         7566 03-DEC-81       3000                    20               

9 rows selected.

SQL> SELECT *
  2  FROM EMP
  3  WHERE TO_CHAR(HIREDATE, 'MON-YY') = 'FEB-81';

     EMPNO ENAME      JOB              MGR HIREDATE         SAL       COMM     DEPTNO               
---------- ---------- --------- ---------- --------- ---------- ---------- ----------               
      7499 ALLEN      SALESMAN        7698 20-FEB-81       1600        300         30               
      7521 WARD       SALESMAN        7698 22-FEB-81       1250        500         30               

SQL> SELECT *
  2  FROM REGIONS
  3  WHERE REGION_NAME LIKE '%A%';
FROM REGIONS
     *
ERROR at line 2:
ORA-00942: table or view does not exist 


SQL> select * from country;
select * from country
              *
ERROR at line 1:
ORA-00942: table or view does not exist 


SQL> SELECT *
  2  FROM EMP
  3  WHERE JOB LIKE '%AA%AA%'
  4  AND SAL BETWEEN 1200 AND 2800
  5  AND DEPTNO IN (10, 20, 30);

no rows selected

SQL> SELECT *
  2  FROM EMP
  3  WHERE JOB LIKE '%AA%AA%'
  4  AND SAL BETWEEN 1200 AND 2800
  5  AND DEPTNO IN (10, 20, 30);

no rows selected

SQL> SELECT *
  2  FROM EMP
  3  WHERE ENAME LIKE 'P%';

no rows selected

SQL> seelct * from emp where ename like 'p';
SP2-0734: unknown command beginning "seelct * f..." - rest of line ignored.
SQL> select * from emp where ename like'p';

no rows selected

SQL> SELECT *
  2  FROM EMP
  3  WHERE ENAME LIKE 'P%';

no rows selected

SQL> SELECT *
  2  FROM EMP
  3  WHERE (MGR IS NULL OR MGR NOT LIKE '%8')
  4  AND JOB NOT IN ('MANAGER', 'SALESMAN')
  5  AND DEPTNO = 30;

no rows selected

SQL> SELECT *
  2  FROM EMP
  3  WHERE (COMM IS NULL OR COMM = 0)
  4  AND JOB NOT IN ('CLERK', 'MANAGER')
  5  AND TO_CHAR(HIREDATE, 'YYYY') = '1981'
  6  AND SAL > 1500;

     EMPNO ENAME      JOB              MGR HIREDATE         SAL       COMM     DEPTNO               
---------- ---------- --------- ---------- --------- ---------- ---------- ----------               
      7839 KING       PRESIDENT            17-NOV-81       5000                    10               
      7902 FORD       ANALYST         7566 03-DEC-81       3000                    20               

SQL> SELECT E.*
  2  FROM EMP E
  3  WHERE LENGTH(ENAME) >= 5
  4  AND TO_CHAR(HIREDATE, 'YYYY') IN ('1980', '1981')
  5  AND DEPTNO IN (30, 40)
  6  AND MGR IS NOT NULL
  7  AND EXISTS (
  8      SELECT 1 FROM EMP M
  9      WHERE M.EMPNO = E.MGR
 10      AND M.SAL BETWEEN 800 AND 2000
 11  );

no rows selected

SQL> SELECT *
  2  FROM EMP
  3  WHERE LENGTH(ENAME) = 5
  4  AND SUBSTR(ENAME, 3, 1) IN ('A', 'E', 'I', 'O', 'U');

     EMPNO ENAME      JOB              MGR HIREDATE         SAL       COMM     DEPTNO               
---------- ---------- --------- ---------- --------- ---------- ---------- ----------               
      7369 SMITH      CLERK           7902 17-DEC-80        800                    20               
      7698 BLAKE      MANAGER         7839 01-MAY-81       2850                    30               
      7782 CLARK      MANAGER         7839 09-JUN-81       2450                    10               
      7788 SCOTT      ANALYST         7566 19-APR-87       3000                    20               
      7876 ADAMS      CLERK           7788 23-MAY-87       1100                    20               

SQL> SELECT * FROM EMP
  2  WHERE (COMM IS NULL) AND NOTIN DEPTNO(10,30);
WHERE (COMM IS NULL) AND NOTIN DEPTNO(10,30)
                               *
ERROR at line 2:
ORA-00920: invalid relational operator 


SQL> SELECT * FROM EMP
  2  WHERE (COMM IS NULL) AND DEPTNO NOT IN (10,20);

     EMPNO ENAME      JOB              MGR HIREDATE         SAL       COMM     DEPTNO               
---------- ---------- --------- ---------- --------- ---------- ---------- ----------               
      7698 BLAKE      MANAGER         7839 01-MAY-81       2850                    30               
      7900 JAMES      CLERK           7698 03-DEC-81        950                    30               

SQL> SELECT * FROM EMP
  2  WHERE EMPNO NOT IN 76545;

     EMPNO ENAME      JOB              MGR HIREDATE         SAL       COMM     DEPTNO               
---------- ---------- --------- ---------- --------- ---------- ---------- ----------               
      7369 SMITH      CLERK           7902 17-DEC-80        800                    20               
      7499 ALLEN      SALESMAN        7698 20-FEB-81       1600        300         30               
      7521 WARD       SALESMAN        7698 22-FEB-81       1250        500         30               
      7566 JONES      MANAGER         7839 02-APR-81       2975                    20               
      7654 MARTIN     SALESMAN        7698 28-SEP-81       1250       1400         30               
      7698 BLAKE      MANAGER         7839 01-MAY-81       2850                    30               
      7782 CLARK      MANAGER         7839 09-JUN-81       2450                    10               
      7788 SCOTT      ANALYST         7566 19-APR-87       3000                    20               
      7839 KING       PRESIDENT            17-NOV-81       5000                    10               
      7844 TURNER     SALESMAN        7698 08-SEP-81       1500          0         30               
      7876 ADAMS      CLERK           7788 23-MAY-87       1100                    20               
      7900 JAMES      CLERK           7698 03-DEC-81        950                    30               
      7902 FORD       ANALYST         7566 03-DEC-81       3000                    20               
      7934 MILLER     CLERK           7782 23-JAN-82       1300                    10               

14 rows selected.

SQL> SELECT * FROM EMP
  2  WHERE EMPNO NOT IN 7654;

     EMPNO ENAME      JOB              MGR HIREDATE         SAL       COMM     DEPTNO               
---------- ---------- --------- ---------- --------- ---------- ---------- ----------               
      7369 SMITH      CLERK           7902 17-DEC-80        800                    20               
      7499 ALLEN      SALESMAN        7698 20-FEB-81       1600        300         30               
      7521 WARD       SALESMAN        7698 22-FEB-81       1250        500         30               
      7566 JONES      MANAGER         7839 02-APR-81       2975                    20               
      7698 BLAKE      MANAGER         7839 01-MAY-81       2850                    30               
      7782 CLARK      MANAGER         7839 09-JUN-81       2450                    10               
      7788 SCOTT      ANALYST         7566 19-APR-87       3000                    20               
      7839 KING       PRESIDENT            17-NOV-81       5000                    10               
      7844 TURNER     SALESMAN        7698 08-SEP-81       1500          0         30               
      7876 ADAMS      CLERK           7788 23-MAY-87       1100                    20               
      7900 JAMES      CLERK           7698 03-DEC-81        950                    30               
      7902 FORD       ANALYST         7566 03-DEC-81       3000                    20               
      7934 MILLER     CLERK           7782 23-JAN-82       1300                    10               

13 rows selected.

SQL> SELECT * FROM EMP
  2  WHERE ENAME LIKE(%T%T%);
WHERE ENAME LIKE(%T%T%)
                 *
ERROR at line 2:
ORA-00911: invalid character 


SQL> SELECT * FROM EMP
  2  WHERE ENAME LIKE ('%T%T%');

     EMPNO ENAME      JOB              MGR HIREDATE         SAL       COMM     DEPTNO               
---------- ---------- --------- ---------- --------- ---------- ---------- ----------               
      7788 SCOTT      ANALYST         7566 19-APR-87       3000                    20               

SQL> SELECT * FROM EMP
  2  WHERE ENAME LIKE ('A%T');

no rows selected

SQL> SELECT * FROM EMP
  2  WHERE ENAME LIKE ('A%%T');

no rows selected

SQL> SELECT * FROM EMP
  2  WHERE JOB LIKE('%E_');

     EMPNO ENAME      JOB              MGR HIREDATE         SAL       COMM     DEPTNO               
---------- ---------- --------- ---------- --------- ---------- ---------- ----------               
      7566 JONES      MANAGER         7839 02-APR-81       2975                    20               
      7698 BLAKE      MANAGER         7839 01-MAY-81       2850                    30               
      7782 CLARK      MANAGER         7839 09-JUN-81       2450                    10               

SQL> SELECT *
  2  FROM EMP
  3  WHERE DEPTNO <> 20
  4  AND ENAME NOT LIKE 'M%';

     EMPNO ENAME      JOB              MGR HIREDATE         SAL       COMM     DEPTNO               
---------- ---------- --------- ---------- --------- ---------- ---------- ----------               
      7499 ALLEN      SALESMAN        7698 20-FEB-81       1600        300         30               
      7521 WARD       SALESMAN        7698 22-FEB-81       1250        500         30               
      7698 BLAKE      MANAGER         7839 01-MAY-81       2850                    30               
      7782 CLARK      MANAGER         7839 09-JUN-81       2450                    10               
      7839 KING       PRESIDENT            17-NOV-81       5000                    10               
      7844 TURNER     SALESMAN        7698 08-SEP-81       1500          0         30               
      7900 JAMES      CLERK           7698 03-DEC-81        950                    30               

7 rows selected.

SQL> SELECT *
  2  FROM EMP
  3  WHERE SAL > 1000
  4  AND TO_CHAR(HIREDATE, 'MON') = 'DEC'
  5  AND MGR IS NOT NULL;

     EMPNO ENAME      JOB              MGR HIREDATE         SAL       COMM     DEPTNO               
---------- ---------- --------- ---------- --------- ---------- ---------- ----------               
      7902 FORD       ANALYST         7566 03-DEC-81       3000                    20               

SQL> SELECT *
  2  FROM EMP
  3  WHERE LENGTH(JOB) >= 4
  4  AND DEPTNO = 20;

     EMPNO ENAME      JOB              MGR HIREDATE         SAL       COMM     DEPTNO               
---------- ---------- --------- ---------- --------- ---------- ---------- ----------               
      7369 SMITH      CLERK           7902 17-DEC-80        800                    20               
      7566 JONES      MANAGER         7839 02-APR-81       2975                    20               
      7788 SCOTT      ANALYST         7566 19-APR-87       3000                    20               
      7876 ADAMS      CLERK           7788 23-MAY-87       1100                    20               
      7902 FORD       ANALYST         7566 03-DEC-81       3000                    20               

SQL> SELECT *
  2  FROM EMP
  3  WHERE JOB = 'CLERK'
  4  AND ENAME LIKE '%S'
  5  AND DEPTNO <> 10;

     EMPNO ENAME      JOB              MGR HIREDATE         SAL       COMM     DEPTNO               
---------- ---------- --------- ---------- --------- ---------- ---------- ----------               
      7876 ADAMS      CLERK           7788 23-MAY-87       1100                    20               
      7900 JAMES      CLERK           7698 03-DEC-81        950                    30               

SQL> SELECT * FROM EMP
  2  WHERE EMPNO LIKE ('%9')
  3  AND MGR IS NULL;

     EMPNO ENAME      JOB              MGR HIREDATE         SAL       COMM     DEPTNO               
---------- ---------- --------- ---------- --------- ---------- ---------- ----------               
      7839 KING       PRESIDENT            17-NOV-81       5000                    10               

SQL> SELECT * FROM EMPWHERE JOB = 'SALESMAN'AND ENAME LIKE '_A%' AND HIREDATE> TO_DATE('20-FEB-81',);
SELECT * FROM EMPWHERE JOB = 'SALESMAN'AND ENAME LIKE '_A%' AND HIREDATE> TO_DATE('20-FEB-81',)
                           *
ERROR at line 1:
ORA-00933: SQL command not properly ended 


SQL> SELECT *
  2  FROM EMP
  3  WHERE JOB = 'SALESMAN'
  4  AND ENAME LIKE '_A%'
  5  AND HIREDATE > TO_DATE('20-FEB-81', 'DD-MON-YY');

no rows selected

SQL> SELECT *
  2  FROM EMP
  3  WHERE JOB = 'SALESMAN'
  4  AND ENAME LIKE '%R%'
  5  AND SAL < 1500
  6  AND HIREDATE > TO_DATE('21-FEB-81', 'DD-MON-YY');

no rows selected

SQL> SELECT ENAME FROM EMP
  2  WHERE ENAME LIKE('%E%')
  3  AND SAL BETWEN 6000 AND 12000;
AND SAL BETWEN 6000 AND 12000
        *
ERROR at line 3:
ORA-00920: invalid relational operator 


SQL>  SELECT ENAME FROM EMP
  2   WHERE ENAME LIKE('%E%') AND SAL BETWEEN 6000 AND 12000;

no rows selected

SQL> SELECT ENAME, SAL
  2  FROM EMP
  3  WHERE ENAME LIKE '%E%'
  4  AND SAL BETWEEN 6000 AND 12000;

no rows selected

SQL> SELECT *
  2  FROM EMP
  3  WHERE SAL > 4000
  4  AND COMM IS NULL
  5  AND DEPTNO = 10;

     EMPNO ENAME      JOB              MGR HIREDATE         SAL       COMM     DEPTNO               
---------- ---------- --------- ---------- --------- ---------- ---------- ----------               
      7839 KING       PRESIDENT            17-NOV-81       5000                    10               

SQL> SELECT *
  2  FROM EMP
  3  WHERE SAL > 4000
  4  AND COMM IS NULL
  5  AND DEPTNO = 10;

     EMPNO ENAME      JOB              MGR HIREDATE         SAL       COMM     DEPTNO               
---------- ---------- --------- ---------- --------- ---------- ---------- ----------               
      7839 KING       PRESIDENT            17-NOV-81       5000                    10               

SQL> SELECT *
  2  FROM EMP
  3  WHERE SAL NOT BETWEEN 2500 AND 5000
  4  AND DEPTNO IN (10, 20)
  5  AND MOD(SAL * 12, 10) = 0;

     EMPNO ENAME      JOB              MGR HIREDATE         SAL       COMM     DEPTNO               
---------- ---------- --------- ---------- --------- ---------- ---------- ----------               
      7369 SMITH      CLERK           7902 17-DEC-80        800                    20               
      7782 CLARK      MANAGER         7839 09-JUN-81       2450                    10               
      7876 ADAMS      CLERK           7788 23-MAY-87       1100                    20               
      7934 MILLER     CLERK           7782 23-JAN-82       1300                    10               

SQL> SELECT *
  2  FROM EMP
  3  WHERE TO_CHAR(HIREDATE, 'YYYY') > '1981'
  4  AND JOB NOT IN ('MANAGER', 'CLERK')
  5  AND DEPTNO IN (10, 20)
  6  AND SAL BETWEEN 1000 AND 3000;

     EMPNO ENAME      JOB              MGR HIREDATE         SAL       COMM     DEPTNO               
---------- ---------- --------- ---------- --------- ---------- ---------- ----------               
      7788 SCOTT      ANALYST         7566 19-APR-87       3000                    20               

SQL> SELECT *
  2  FROM EMP
  3  WHERE (ENAME LIKE 'S%' OR ENAME LIKE 'A%')
  4  AND DEPTNO IN (20, 30)
  5  AND HIREDATE BETWEEN TO_DATE('01-MAY-80', 'DD-MON-YY')
  6                   AND TO_DATE('30-APR-81', 'DD-MON-YY');

no rows selected

SQL> SELECT *
  2  FROM EMP
  3  WHERE JOB = 'CLERK'
  4  AND MOD(SAL * 12, 100) = 0;

     EMPNO ENAME      JOB              MGR HIREDATE         SAL       COMM     DEPTNO               
---------- ---------- --------- ---------- --------- ---------- ---------- ----------               
      7369 SMITH      CLERK           7902 17-DEC-80        800                    20               
      7876 ADAMS      CLERK           7788 23-MAY-87       1100                    20               
      7900 JAMES      CLERK           7698 03-DEC-81        950                    30               
      7934 MILLER     CLERK           7782 23-JAN-82       1300                    10               

SQL> SELECT ENAME, SAL
  2  FROM EMP
  3  WHERE ENAME LIKE 'A%'
  4  AND SAL BETWEEN 1000 AND 3000;

ENAME             SAL                                                                               
---------- ----------                                                                               
ALLEN            1600                                                                               
ADAMS            1100                                                                               

SQL> SELECT *
  2  FROM EMP
  3  WHERE ENAME LIKE '__R%'
  4  AND JOB <> 'CLERK'
  5  AND HIREDATE > TO_DATE('30-JUN-81', 'DD-MON-YY');

no rows selected

SQL> SELECT *
  2  FROM EMP
  3  WHERE TO_CHAR(HIREDATE, 'YYYY') = '1981'
  4  AND MGR IS NULL;

     EMPNO ENAME      JOB              MGR HIREDATE         SAL       COMM     DEPTNO               
---------- ---------- --------- ---------- --------- ---------- ---------- ----------               
      7839 KING       PRESIDENT            17-NOV-81       5000                    10               

SQL> SELECT *
  2  FROM EMP
  3  WHERE HIREDATE > TO_DATE('17-DEC-80', 'DD-MON-YY')
  4  AND SAL > 2000
  5  AND JOB = 'ANALYST'
  6  AND ENAME LIKE 'S%T';

no rows selected

SQL> SELECT *
  2  FROM EMP
  3  WHERE ENAME LIKE '%O%'
  4  AND JOB = 'ANALYST'
  5  AND HIREDATE > TO_DATE('17-NOV-81', 'DD-MON-YY');

no rows selected

SQL> SELECT *
  2  FROM EMP
  3  WHERE JOB NOT IN ('MANAGER', 'ANALYST')
  4  AND DEPTNO IN (20, 30)
  5  AND SAL BETWEEN 1000 AND 3000
  6  AND ENAME LIKE '%O%';

no rows selected

SQL> SELECT ENAMES FROM EMP
  2  SELECT * FROM EMP WHERE
  3  ENAME LIKE ('W%) OR ENAME LIKE ('%M');
ERROR:
ORA-01756: quoted string not properly terminated 


SQL> SELECT ENAMES FROM EMP
  2  SELECT * FROM EMP WHERE
  3  ENAME LIKE ('W%) OR ENAME LIKE('M%'):
  4  SELECT ENAMES FROM EMP
  5  SELECT * FROM EMP WHERE
  6  ENAME LIKE ('W%) OR ENAME LIKE('M%');
SELECT * FROM EMP WHERE
*
ERROR at line 2:
ORA-00933: SQL command not properly ended 


SQL> SELECT *
  2  FROM EMP
  3  WHERE ENAME LIKE 'W%'
  4  OR ENAME LIKE 'M%';

     EMPNO ENAME      JOB              MGR HIREDATE         SAL       COMM     DEPTNO               
---------- ---------- --------- ---------- --------- ---------- ---------- ----------               
      7521 WARD       SALESMAN        7698 22-FEB-81       1250        500         30               
      7654 MARTIN     SALESMAN        7698 28-SEP-81       1250       1400         30               
      7934 MILLER     CLERK           7782 23-JAN-82       1300                    10               

SQL> SELECT *
  2  FROM EMP
  3  WHERE COMM IS NOT NULL
  4  AND COMM > 0
  5  AND JOB NOT IN ('MANAGER', 'CLERK');

     EMPNO ENAME      JOB              MGR HIREDATE         SAL       COMM     DEPTNO               
---------- ---------- --------- ---------- --------- ---------- ---------- ----------               
      7499 ALLEN      SALESMAN        7698 20-FEB-81       1600        300         30               
      7521 WARD       SALESMAN        7698 22-FEB-81       1250        500         30               
      7654 MARTIN     SALESMAN        7698 28-SEP-81       1250       1400         30               

SQL> SELECT *
  2  FROM EMP
  3  WHERE TO_CHAR(HIREDATE, 'MON') = 'DEC';

     EMPNO ENAME      JOB              MGR HIREDATE         SAL       COMM     DEPTNO               
---------- ---------- --------- ---------- --------- ---------- ---------- ----------               
      7369 SMITH      CLERK           7902 17-DEC-80        800                    20               
      7900 JAMES      CLERK           7698 03-DEC-81        950                    30               
      7902 FORD       ANALYST         7566 03-DEC-81       3000                    20               

SQL> SELECT * FROM EMP WHERE ENAME LIKE '%LL%;
ERROR:
ORA-01756: quoted string not properly terminated 


SQL> SELECT * FROM EMP WHERE ENAME LIKE'%LL%';

     EMPNO ENAME      JOB              MGR HIREDATE         SAL       COMM     DEPTNO               
---------- ---------- --------- ---------- --------- ---------- ---------- ----------               
      7499 ALLEN      SALESMAN        7698 20-FEB-81       1600        300         30               
      7934 MILLER     CLERK           7782 23-JAN-82       1300                    10               

SQL> SELECT ENAME, JOB, DEPTNO
  2  FROM EMP
  3  WHERE MGR IS NOT NULL;

ENAME      JOB           DEPTNO                                                                     
---------- --------- ----------                                                                     
SMITH      CLERK             20                                                                     
ALLEN      SALESMAN          30                                                                     
WARD       SALESMAN          30                                                                     
JONES      MANAGER           20                                                                     
MARTIN     SALESMAN          30                                                                     
BLAKE      MANAGER           30                                                                     
CLARK      MANAGER           10                                                                     
SCOTT      ANALYST           20                                                                     
TURNER     SALESMAN          30                                                                     
ADAMS      CLERK             20                                                                     
JAMES      CLERK             30                                                                     
FORD       ANALYST           20                                                                     
MILLER     CLERK             10                                                                     

13 rows selected.

SQL> SELECT *
  2  FROM EMP
  3  WHERE SAL BETWEEN 1000 AND 1500
  4  AND DEPTNO IN (20, 30)
  5  AND JOB NOT IN ('CLERK', 'SALESMAN');

no rows selected

SQL> SELECT *
  2  FROM EMP
  3  WHERE JOB = 'MANAGER'
  4  AND MOD(SAL * 12, 10) = 1;

no rows selected

SQL> SELECT *
  2  FROM EMP
  3  WHERE ENAME LIKE 'K%'
  4  OR ENAME LIKE 'P%';

     EMPNO ENAME      JOB              MGR HIREDATE         SAL       COMM     DEPTNO               
---------- ---------- --------- ---------- --------- ---------- ---------- ----------               
      7839 KING       PRESIDENT            17-NOV-81       5000                    10               

SQL> SELECT *
  2  FROM EMP
  3  WHERE ENAME LIKE 'M%'
  4  OR ENAME LIKE 'K%'
  5  OR ENAME LIKE 'N%';

     EMPNO ENAME      JOB              MGR HIREDATE         SAL       COMM     DEPTNO               
---------- ---------- --------- ---------- --------- ---------- ---------- ----------               
      7654 MARTIN     SALESMAN        7698 28-SEP-81       1250       1400         30               
      7839 KING       PRESIDENT            17-NOV-81       5000                    10               
      7934 MILLER     CLERK           7782 23-JAN-82       1300                    10               

SQL>  Display all the employee who are ‘SALESMAN’s having R as the last character in
SP2-0734: unknown command beginning "Display al..." - rest of line ignored.
SQL> SELECT *
  2  FROM EMP
  3  WHERE JOB = 'SALESMAN'
  4  AND ENAME LIKE '%R'
  5  AND SAL BETWEEN 1000 AND 9999;

     EMPNO ENAME      JOB              MGR HIREDATE         SAL       COMM     DEPTNO               
---------- ---------- --------- ---------- --------- ---------- ---------- ----------               
      7844 TURNER     SALESMAN        7698 08-SEP-81       1500          0         30               

SQL> SELECT *
  2  FROM EMP
  3  WHERE JOB = 'CLERK'
  4  AND ENAME LIKE '___L%'
  5  AND SAL < 2000;

     EMPNO ENAME      JOB              MGR HIREDATE         SAL       COMM     DEPTNO               
---------- ---------- --------- ---------- --------- ---------- ---------- ----------               
      7934 MILLER     CLERK           7782 23-JAN-82       1300                    10               

SQL> SELECT *
  2  FROM EMP
  3  WHERE JOB = 'SALESMAN'
  4  AND ENAME LIKE '_M%'
  5  AND SAL BETWEEN 500 AND 1500;

no rows selected

SQL> SELECT ENAME, JOB, SAL
  2  FROM EMP
  3  WHERE ENAME LIKE '%S%'
  4  AND SAL > 2000
  5  AND (COMM IS NULL OR COMM = 0)
  6  AND DEPTNO IN (10, 20);

ENAME      JOB              SAL                                                                     
---------- --------- ----------                                                                     
JONES      MANAGER         2975                                                                     
SCOTT      ANALYST         3000                                                                     

SQL> SELECT *
  2  FROM EMP
  3  WHERE EMPNO NOT LIKE '%2'
  4  AND ENAME NOT LIKE '%N'
  5  AND ENAME NOT LIKE '%K'
  6  AND HIREDATE < TO_DATE('01-JAN-81', 'DD-MON-YY')
  7  AND SAL > 800
  8  AND TO_CHAR(SAL) LIKE '%0%';

     EMPNO ENAME      JOB              MGR HIREDATE         SAL       COMM     DEPTNO               
---------- ---------- --------- ---------- --------- ---------- ---------- ----------               
      7521 WARD       SALESMAN        7698 22-FEB-81       1250        500         30               
      7698 BLAKE      MANAGER         7839 01-MAY-81       2850                    30               
      7788 SCOTT      ANALYST         7566 19-APR-87       3000                    20               
      7839 KING       PRESIDENT            17-NOV-81       5000                    10               
      7844 TURNER     SALESMAN        7698 08-SEP-81       1500          0         30               
      7876 ADAMS      CLERK           7788 23-MAY-87       1100                    20               
      7900 JAMES      CLERK           7698 03-DEC-81        950                    30               
      7934 MILLER     CLERK           7782 23-JAN-82       1300                    10               

8 rows selected.

SQL> SELECT *
  2  FROM EMP
  3  WHERE TO_CHAR(HIREDATE, 'MON') IN ('JAN', 'NOV', 'APR')
  4  AND DEPTNO IN (10, 20)
  5  AND SAL > 2500;

     EMPNO ENAME      JOB              MGR HIREDATE         SAL       COMM     DEPTNO               
---------- ---------- --------- ---------- --------- ---------- ---------- ----------               
      7566 JONES      MANAGER         7839 02-APR-81       2975                    20               
      7788 SCOTT      ANALYST         7566 19-APR-87       3000                    20               
      7839 KING       PRESIDENT            17-NOV-81       5000                    10               

SQL> SELECT *
  2  FROM EMP
  3  WHERE DEPTNO IN (20, 30)
  4  AND (EMPNO LIKE '%8' OR EMPNO LIKE '%9')
  5  AND SAL < 5000;

     EMPNO ENAME      JOB              MGR HIREDATE         SAL       COMM     DEPTNO               
---------- ---------- --------- ---------- --------- ---------- ---------- ----------               
      7369 SMITH      CLERK           7902 17-DEC-80        800                    20               
      7499 ALLEN      SALESMAN        7698 20-FEB-81       1600        300         30               
      7698 BLAKE      MANAGER         7839 01-MAY-81       2850                    30               
      7788 SCOTT      ANALYST         7566 19-APR-87       3000                    20               

SQL> Spool off
