SQL> select * from tab;

TNAME                          TABTYPE  CLUSTERID                               
------------------------------ ------- ----------                               
DEPT                           TABLE                                            
EMP                            TABLE                                            
BONUS                          TABLE                                            
SALGRADE                       TABLE                                            
CUSTOMERS                      TABLE                                            

SQL> select * from emp;

     EMPNO ENAME      JOB              MGR HIREDATE         SAL       COMM      
---------- ---------- --------- ---------- --------- ---------- ----------      
    DEPTNO                                                                      
----------                                                                      
      7369 SMITH      CLERK           7902 17-DEC-80        800                 
        20                                                                      
                                                                                
      7499 ALLEN      SALESMAN        7698 20-FEB-81       1600        300      
        30                                                                      
                                                                                
      7521 WARD       SALESMAN        7698 22-FEB-81       1250        500      
        30                                                                      
                                                                                

     EMPNO ENAME      JOB              MGR HIREDATE         SAL       COMM      
---------- ---------- --------- ---------- --------- ---------- ----------      
    DEPTNO                                                                      
----------                                                                      
      7566 JONES      MANAGER         7839 02-APR-81       2975                 
        20                                                                      
                                                                                
      7654 MARTIN     SALESMAN        7698 28-SEP-81       1250       1400      
        30                                                                      
                                                                                
      7698 BLAKE      MANAGER         7839 01-MAY-81       2850                 
        30                                                                      
                                                                                

     EMPNO ENAME      JOB              MGR HIREDATE         SAL       COMM      
---------- ---------- --------- ---------- --------- ---------- ----------      
    DEPTNO                                                                      
----------                                                                      
      7782 CLARK      MANAGER         7839 09-JUN-81       2450                 
        10                                                                      
                                                                                
      7788 SCOTT      ANALYST         7566 19-APR-87       3000                 
        20                                                                      
                                                                                
      7839 KING       PRESIDENT            17-NOV-81       5000                 
        10                                                                      
                                                                                

     EMPNO ENAME      JOB              MGR HIREDATE         SAL       COMM      
---------- ---------- --------- ---------- --------- ---------- ----------      
    DEPTNO                                                                      
----------                                                                      
      7844 TURNER     SALESMAN        7698 08-SEP-81       1500          0      
        30                                                                      
                                                                                
      7876 ADAMS      CLERK           7788 23-MAY-87       1100                 
        20                                                                      
                                                                                
      7900 JAMES      CLERK           7698 03-DEC-81        950                 
        30                                                                      
                                                                                

     EMPNO ENAME      JOB              MGR HIREDATE         SAL       COMM      
---------- ---------- --------- ---------- --------- ---------- ----------      
    DEPTNO                                                                      
----------                                                                      
      7902 FORD       ANALYST         7566 03-DEC-81       3000                 
        20                                                                      
                                                                                
      7934 MILLER     CLERK           7782 23-JAN-82       1300                 
        10                                                                      
                                                                                

14 rows selected.

SQL> set pages 100 lines 100;
SQL> /

     EMPNO ENAME      JOB              MGR HIREDATE         SAL       COMM     DEPTNO               
---------- ---------- --------- ---------- --------- ---------- ---------- ----------               
      7369 SMITH      CLERK           7902 17-DEC-80        800                    20               
      7499 ALLEN      SALESMAN        7698 20-FEB-81       1600        300         30               
      7521 WARD       SALESMAN        7698 22-FEB-81       1250        500         30               
      7566 JONES      MANAGER         7839 02-APR-81       2975                    20               
      7654 MARTIN     SALESMAN        7698 28-SEP-81       1250       1400         30               
      7698 BLAKE      MANAGER         7839 01-MAY-81       2850                    30               
      7782 CLARK      MANAGER         7839 09-JUN-81       2450                    10               
      7788 SCOTT      ANALYST         7566 19-APR-87       3000                    20               
      7839 KING       PRESIDENT            17-NOV-81       5000                    10               
      7844 TURNER     SALESMAN        7698 08-SEP-81       1500          0         30               
      7876 ADAMS      CLERK           7788 23-MAY-87       1100                    20               
      7900 JAMES      CLERK           7698 03-DEC-81        950                    30               
      7902 FORD       ANALYST         7566 03-DEC-81       3000                    20               
      7934 MILLER     CLERK           7782 23-JAN-82       1300                    10               

14 rows selected.

SQL> select ename from emp where sal>(select sal from emp where ename ='ADAMS');

ENAME                                                                                               
----------                                                                                          
ALLEN                                                                                               
WARD                                                                                                
JONES                                                                                               
MARTIN                                                                                              
BLAKE                                                                                               
CLARK                                                                                               
SCOTT                                                                                               
KING                                                                                                
TURNER                                                                                              
FORD                                                                                                
MILLER                                                                                              

11 rows selected.

SQL> SELECT ENAME ,SAL FROM EMP WHERE SAL<(SELECT ENAME FROM EMP WHERE ENAME ='KING');
SELECT ENAME ,SAL FROM EMP WHERE SAL<(SELECT ENAME FROM EMP WHERE ENAME ='KING')
                                             *
ERROR at line 1:
ORA-01722: invalid number 


SQL> SELECT ENAME ,SAL FROM EMP WHERE SAL< (SELECT SAL FROM EMP WHERE ENAME='KING'):
  2  /
SELECT ENAME ,SAL FROM EMP WHERE SAL< (SELECT SAL FROM EMP WHERE ENAME='KING'):
                                                                              *
ERROR at line 1:
ORA-00933: SQL command not properly ended 


SQL> SELECT ENAME ,SAL FROM EMP WHERE SAL< (SELECT SAL FROM EMP WHERE ENAME='KING')
  2  ;

ENAME             SAL                                                                               
---------- ----------                                                                               
SMITH             800                                                                               
ALLEN            1600                                                                               
WARD             1250                                                                               
JONES            2975                                                                               
MARTIN           1250                                                                               
BLAKE            2850                                                                               
CLARK            2450                                                                               
SCOTT            3000                                                                               
TURNER           1500                                                                               
ADAMS            1100                                                                               
JAMES             950                                                                               
FORD             3000                                                                               
MILLER           1300                                                                               

13 rows selected.

SQL> SELECT ENAME,DEPTNO FROM EMP WHERE DEPTNO IN (SELECT DEPTNO FROM EMP WHERE ENAME ='JONES');

ENAME          DEPTNO                                                                               
---------- ----------                                                                               
FORD               20                                                                               
ADAMS              20                                                                               
SCOTT              20                                                                               
JONES              20                                                                               
SMITH              20                                                                               

SQL> SELECT ENAME ,JOB FROM EMP WHERE JOB IN (SELECT JOB FROM EMP WHERE ENAME ='JAMES');

ENAME      JOB                                                                                      
---------- ---------                                                                                
MILLER     CLERK                                                                                    
JAMES      CLERK                                                                                    
ADAMS      CLERK                                                                                    
SMITH      CLERK                                                                                    

SQL> SELECT ENAME ,EMPNO FROM EMP WHERE ,SAL*12 AS ANUALSALLARY
  2  FROM EMP
  3  WHERE (SAL*12) > (SELECT (SAL*12) FROM EMP WHERE ENAME='WARD');
SELECT ENAME ,EMPNO FROM EMP WHERE ,SAL*12 AS ANUALSALLARY
                                   *
ERROR at line 1:
ORA-00936: missing expression 


SQL> SELECT ENAME , EMP FROM EMP WHERE SAL*12 AS ANUALSALARY FROM EMP
  2  WHERE (SAL*12)> (SELECT (SAL*12) FROM EMP WHERE ENAME='WARD');
SELECT ENAME , EMP FROM EMP WHERE SAL*12 AS ANUALSALARY FROM EMP
                                         *
ERROR at line 1:
ORA-00920: invalid relational operator 


SQL> SELECT ENAME ,EMPNO FROM EMP WHERE SAL*12
  2  FROM EMP
  3  WHERE (SAL*12) > (SELECT SAL*12 FROM EMP WHERE ENAME='WARD');
FROM EMP
*
ERROR at line 2:
ORA-00920: invalid relational operator 


SQL> select empno,ename,(sal*12) from emp
  2  where (Sal*12)>(select (sal*12) from emp
  3  where ename='WARD');

     EMPNO ENAME        (SAL*12)                                                                    
---------- ---------- ----------                                                                    
      7499 ALLEN           19200                                                                    
      7566 JONES           35700                                                                    
      7698 BLAKE           34200                                                                    
      7782 CLARK           29400                                                                    
      7788 SCOTT           36000                                                                    
      7839 KING            60000                                                                    
      7844 TURNER          18000                                                                    
      7902 FORD            36000                                                                    
      7934 MILLER          15600                                                                    

9 rows selected.

SQL> select ename ,hiredate from emp
  2  where hiredate<(select hiredate
  3  from emp where ename='SCOTT');

ENAME      HIREDATE                                                                                 
---------- ---------                                                                                
SMITH      17-DEC-80                                                                                
ALLEN      20-FEB-81                                                                                
WARD       22-FEB-81                                                                                
JONES      02-APR-81                                                                                
MARTIN     28-SEP-81                                                                                
BLAKE      01-MAY-81                                                                                
CLARK      09-JUN-81                                                                                
KING       17-NOV-81                                                                                
TURNER     08-SEP-81                                                                                
JAMES      03-DEC-81                                                                                
FORD       03-DEC-81                                                                                
MILLER     23-JAN-82                                                                                

12 rows selected.

SQL> select ename , hiredate from emp
  2  where hiredate>(select hiredate from emp where job='PRESIDENT');

ENAME      HIREDATE                                                                                 
---------- ---------                                                                                
SCOTT      19-APR-87                                                                                
ADAMS      23-MAY-87                                                                                
JAMES      03-DEC-81                                                                                
FORD       03-DEC-81                                                                                
MILLER     23-JAN-82                                                                                

SQL> select ename , sal from emp
  2  where sal<(select empno from emp where emp no ='7839');
where sal<(select empno from emp where emp no ='7839')
                                           *
ERROR at line 2:
ORA-00920: invalid relational operator 


SQL>  select ename , sal from emp
  2   where sal<(select empno from emp where empno='7839');

ENAME             SAL                                                                               
---------- ----------                                                                               
SMITH             800                                                                               
ALLEN            1600                                                                               
WARD             1250                                                                               
JONES            2975                                                                               
MARTIN           1250                                                                               
BLAKE            2850                                                                               
CLARK            2450                                                                               
SCOTT            3000                                                                               
KING             5000                                                                               
TURNER           1500                                                                               
ADAMS            1100                                                                               
JAMES             950                                                                               
FORD             3000                                                                               
MILLER           1300                                                                               

14 rows selected.

SQL> select * from emp
  2  where  hiredate <(select hiredate from emp where ename='MILLER');

     EMPNO ENAME      JOB              MGR HIREDATE         SAL       COMM     DEPTNO               
---------- ---------- --------- ---------- --------- ---------- ---------- ----------               
      7369 SMITH      CLERK           7902 17-DEC-80        800                    20               
      7499 ALLEN      SALESMAN        7698 20-FEB-81       1600        300         30               
      7521 WARD       SALESMAN        7698 22-FEB-81       1250        500         30               
      7566 JONES      MANAGER         7839 02-APR-81       2975                    20               
      7654 MARTIN     SALESMAN        7698 28-SEP-81       1250       1400         30               
      7698 BLAKE      MANAGER         7839 01-MAY-81       2850                    30               
      7782 CLARK      MANAGER         7839 09-JUN-81       2450                    10               
      7839 KING       PRESIDENT            17-NOV-81       5000                    10               
      7844 TURNER     SALESMAN        7698 08-SEP-81       1500          0         30               
      7900 JAMES      CLERK           7698 03-DEC-81        950                    30               
      7902 FORD       ANALYST         7566 03-DEC-81       3000                    20               

11 rows selected.

SQL> SELECT  ENAME ,EMPNO
  2  FROM EMP
  3  WHERE SAL>(SELECT SAL FROM EMP WHERE ENAME ='ALLEN');

ENAME           EMPNO                                                                               
---------- ----------                                                                               
JONES            7566                                                                               
BLAKE            7698                                                                               
CLARK            7782                                                                               
SCOTT            7788                                                                               
KING             7839                                                                               
FORD             7902                                                                               

6 rows selected.

SQL> SELECT ENAME ,SAL FROM EMP WHERE
  2  SAL>(SELECT SAL FROM EMP
  3  WHERE ENAME='MILLER');

ENAME             SAL                                                                               
---------- ----------                                                                               
ALLEN            1600                                                                               
JONES            2975                                                                               
BLAKE            2850                                                                               
CLARK            2450                                                                               
SCOTT            3000                                                                               
KING             5000                                                                               
TURNER           1500                                                                               
FORD             3000                                                                               

8 rows selected.

SQL> SELECT ENAME ,SAL FROM EMP WHERE
  2  SAL>(SELECT SAL FROM EMP
  3  WHERE ENAME='MILLER');

ENAME             SAL                                                                               
---------- ----------                                                                               
ALLEN            1600                                                                               
JONES            2975                                                                               
BLAKE            2850                                                                               
CLARK            2450                                                                               
SCOTT            3000                                                                               
KING             5000                                                                               
TURNER           1500                                                                               
FORD             3000                                                                               

8 rows selected.

SQL> SELECT ENAME ,SAL FROM EMP WHERE
  2  SAL>(SELECT SAL FROM EMP WHERE ENAME ='MILLER') AND SAL (SELECT ENAME FROM EMP WHERE ENAME ='ALLEN');
SAL>(SELECT SAL FROM EMP WHERE ENAME ='MILLER') AND SAL (SELECT ENAME FROM EMP WHERE ENAME ='ALLEN')
                                                         *
ERROR at line 2:
ORA-00936: missing expression 


SQL> SELECT ENAME ,SAL FROM EMP WHERE
  2  SAL>(SELECT SAL FROM EMP WHERE ENAME ='MILLER') AND
  3  SAL<(SELECT ENAME FROM EMP WHERE ENAME ='ALLEN');
SAL<(SELECT ENAME FROM EMP WHERE ENAME ='ALLEN')
            *
ERROR at line 3:
ORA-01722: invalid number 


SQL> SELECT ENAME ,SAL FROM EMP
  2  WHERE SAL>(SELECT SAL FROM EMP WHERE ENAME='MILLER') AND SAL< (SELECT SAL FROM EMP WHERE ENAME ='ALLEN');

ENAME             SAL                                                                               
---------- ----------                                                                               
TURNER           1500                                                                               

SQL> Spool off
