SQL> select * from tab;

TNAME                          TABTYPE  CLUSTERID                               
------------------------------ ------- ----------                               
DEPT                           TABLE                                            
EMP                            TABLE                                            
BONUS                          TABLE                                            
SALGRADE                       TABLE                                            

SQL> SELECT * FROM EMP;

     EMPNO ENAME      JOB              MGR HIREDATE         SAL       COMM      
---------- ---------- --------- ---------- --------- ---------- ----------      
    DEPTNO                                                                      
----------                                                                      
      7369 SMITH      CLERK           7902 17-DEC-80        800                 
        20                                                                      
                                                                                
      7499 ALLEN      SALESMAN        7698 20-FEB-81       1600        300      
        30                                                                      
                                                                                
      7521 WARD       SALESMAN        7698 22-FEB-81       1250        500      
        30                                                                      
                                                                                

     EMPNO ENAME      JOB              MGR HIREDATE         SAL       COMM      
---------- ---------- --------- ---------- --------- ---------- ----------      
    DEPTNO                                                                      
----------                                                                      
      7566 JONES      MANAGER         7839 02-APR-81       2975                 
        20                                                                      
                                                                                
      7654 MARTIN     SALESMAN        7698 28-SEP-81       1250       1400      
        30                                                                      
                                                                                
      7698 BLAKE      MANAGER         7839 01-MAY-81       2850                 
        30                                                                      
                                                                                

     EMPNO ENAME      JOB              MGR HIREDATE         SAL       COMM      
---------- ---------- --------- ---------- --------- ---------- ----------      
    DEPTNO                                                                      
----------                                                                      
      7782 CLARK      MANAGER         7839 09-JUN-81       2450                 
        10                                                                      
                                                                                
      7788 SCOTT      ANALYST         7566 19-APR-87       3000                 
        20                                                                      
                                                                                
      7839 KING       PRESIDENT            17-NOV-81       5000                 
        10                                                                      
                                                                                

     EMPNO ENAME      JOB              MGR HIREDATE         SAL       COMM      
---------- ---------- --------- ---------- --------- ---------- ----------      
    DEPTNO                                                                      
----------                                                                      
      7844 TURNER     SALESMAN        7698 08-SEP-81       1500          0      
        30                                                                      
                                                                                
      7876 ADAMS      CLERK           7788 23-MAY-87       1100                 
        20                                                                      
                                                                                
      7900 JAMES      CLERK           7698 03-DEC-81        950                 
        30                                                                      
                                                                                

     EMPNO ENAME      JOB              MGR HIREDATE         SAL       COMM      
---------- ---------- --------- ---------- --------- ---------- ----------      
    DEPTNO                                                                      
----------                                                                      
      7902 FORD       ANALYST         7566 03-DEC-81       3000                 
        20                                                                      
                                                                                
      7934 MILLER     CLERK           7782 23-JAN-82       1300                 
        10                                                                      
                                                                                

14 rows selected.

SQL> set pages 100 lines 100 ;
SQL> /

     EMPNO ENAME      JOB              MGR HIREDATE         SAL       COMM     DEPTNO               
---------- ---------- --------- ---------- --------- ---------- ---------- ----------               
      7369 SMITH      CLERK           7902 17-DEC-80        800                    20               
      7499 ALLEN      SALESMAN        7698 20-FEB-81       1600        300         30               
      7521 WARD       SALESMAN        7698 22-FEB-81       1250        500         30               
      7566 JONES      MANAGER         7839 02-APR-81       2975                    20               
      7654 MARTIN     SALESMAN        7698 28-SEP-81       1250       1400         30               
      7698 BLAKE      MANAGER         7839 01-MAY-81       2850                    30               
      7782 CLARK      MANAGER         7839 09-JUN-81       2450                    10               
      7788 SCOTT      ANALYST         7566 19-APR-87       3000                    20               
      7839 KING       PRESIDENT            17-NOV-81       5000                    10               
      7844 TURNER     SALESMAN        7698 08-SEP-81       1500          0         30               
      7876 ADAMS      CLERK           7788 23-MAY-87       1100                    20               
      7900 JAMES      CLERK           7698 03-DEC-81        950                    30               
      7902 FORD       ANALYST         7566 03-DEC-81       3000                    20               
      7934 MILLER     CLERK           7782 23-JAN-82       1300                    10               

14 rows selected.

SQL> select sal*12 from EMP where (ENAME ='SMITH');

    SAL*12                                                                                          
----------                                                                                          
      9600                                                                                          

SQL> SELECT ENAME FROM EMP WHERE JOB='CLERK';

ENAME                                                                                               
----------                                                                                          
SMITH                                                                                               
ADAMS                                                                                               
JAMES                                                                                               
MILLER                                                                                              

SQL> SELECT ENAME FROM EMP WHERE JOB='SALESMAN';

ENAME                                                                                               
----------                                                                                          
ALLEN                                                                                               
WARD                                                                                                
MARTIN                                                                                              
TURNER                                                                                              

SQL> SELECT ENAME FROM EMP WHERE SAL>2000;

ENAME                                                                                               
----------                                                                                          
JONES                                                                                               
BLAKE                                                                                               
CLARK                                                                                               
SCOTT                                                                                               
KING                                                                                                
FORD                                                                                                

6 rows selected.

SQL>  SELECT EMP.* FROM EMP WHERE ENAME='JONES';

     EMPNO ENAME      JOB              MGR HIREDATE         SAL       COMM     DEPTNO               
---------- ---------- --------- ---------- --------- ---------- ---------- ----------               
      7566 JONES      MANAGER         7839 02-APR-81       2975                    20               

SQL> SELECT EMP.* FROM EMP WHERE HIREDATE>010181;
SELECT EMP.* FROM EMP WHERE HIREDATE>010181
                                    *
ERROR at line 1:
ORA-00932: inconsistent datatypes: expected DATE got NUMBER 


SQL> ED
Wrote file afiedt.buf

  1* SELECT EMP.* FROM EMP WHERE HIREDATE>010181
SQL> /
SELECT EMP.* FROM EMP WHERE HIREDATE>010181
                                    *
ERROR at line 1:
ORA-00932: inconsistent datatypes: expected DATE got NUMBER 


SQL> SELECT EMP.* FROM EMP WHERE HIREDATE>01-JAN-81 ;
SELECT EMP.* FROM EMP WHERE HIREDATE>01-JAN-81 
                                        *
ERROR at line 1:
ORA-00904: "JAN": invalid identifier 


SQL> ED
Wrote file afiedt.buf

  1* SELECT EMP.* FROM EMP WHERE HIREDATE>01-JAN-81 
SQL> /
SELECT EMP.* FROM EMP WHERE HIREDATE>01-JAN-81 
                                        *
ERROR at line 1:
ORA-00904: "JAN": invalid identifier 


SQL> ED
Wrote file afiedt.buf

  1* SELECT EMP.* FROM EMP WHERE HIREDATE>01-JAN-81 
SQL> /
SELECT EMP.* FROM EMP WHERE HIREDATE>01-JAN-81 
                                        *
ERROR at line 1:
ORA-00904: "JAN": invalid identifier 


SQL> SELECT * FROM EMP WHERE HIREDATE>01-01-81 ;
SELECT * FROM EMP WHERE HIREDATE>01-01-81 
                                *
ERROR at line 1:
ORA-00932: inconsistent datatypes: expected DATE got NUMBER 


SQL> ED
Wrote file afiedt.buf

  1* SELECT * FROM EMP WHERE HIREDATE>01-01-81 
SQL> /
SELECT * FROM EMP WHERE HIREDATE>01-01-81 
                                *
ERROR at line 1:
ORA-00932: inconsistent datatypes: expected DATE got NUMBER 


SQL> SELECT * FROM EMP WHERE HIREDATE>'01-01-81' ;
SELECT * FROM EMP WHERE HIREDATE>'01-01-81' 
                                 *
ERROR at line 1:
ORA-01843: not a valid month 


SQL> SELECT * FROM EMP WHERE HIREDATE>'01-JAN-81';

     EMPNO ENAME      JOB              MGR HIREDATE         SAL       COMM     DEPTNO               
---------- ---------- --------- ---------- --------- ---------- ---------- ----------               
      7499 ALLEN      SALESMAN        7698 20-FEB-81       1600        300         30               
      7521 WARD       SALESMAN        7698 22-FEB-81       1250        500         30               
      7566 JONES      MANAGER         7839 02-APR-81       2975                    20               
      7654 MARTIN     SALESMAN        7698 28-SEP-81       1250       1400         30               
      7698 BLAKE      MANAGER         7839 01-MAY-81       2850                    30               
      7782 CLARK      MANAGER         7839 09-JUN-81       2450                    10               
      7788 SCOTT      ANALYST         7566 19-APR-87       3000                    20               
      7839 KING       PRESIDENT            17-NOV-81       5000                    10               
      7844 TURNER     SALESMAN        7698 08-SEP-81       1500          0         30               
      7876 ADAMS      CLERK           7788 23-MAY-87       1100                    20               
      7900 JAMES      CLERK           7698 03-DEC-81        950                    30               
      7902 FORD       ANALYST         7566 03-DEC-81       3000                    20               
      7934 MILLER     CLERK           7782 23-JAN-82       1300                    10               

13 rows selected.

SQL> SELECT ENAME, SAL,SAL*12 FROM EMP WHERE SAL*12>12000;

ENAME             SAL     SAL*12                                                                    
---------- ---------- ----------                                                                    
ALLEN            1600      19200                                                                    
WARD             1250      15000                                                                    
JONES            2975      35700                                                                    
MARTIN           1250      15000                                                                    
BLAKE            2850      34200                                                                    
CLARK            2450      29400                                                                    
SCOTT            3000      36000                                                                    
KING             5000      60000                                                                    
TURNER           1500      18000                                                                    
ADAMS            1100      13200                                                                    
FORD             3000      36000                                                                    
MILLER           1300      15600                                                                    

12 rows selected.

SQL> SELECT EMPNO FROM EMP WHERE DEPTNO=30 ;

     EMPNO                                                                                          
----------                                                                                          
      7499                                                                                          
      7521                                                                                          
      7654                                                                                          
      7698                                                                                          
      7844                                                                                          
      7900                                                                                          

6 rows selected.

SQL> SELECT ENAME HIREDATE FROM EMP WHERE HIREDATE>'01-JAN-81';

HIREDATE                                                                                            
----------                                                                                          
ALLEN                                                                                               
WARD                                                                                                
JONES                                                                                               
MARTIN                                                                                              
BLAKE                                                                                               
CLARK                                                                                               
SCOTT                                                                                               
KING                                                                                                
TURNER                                                                                              
ADAMS                                                                                               
JAMES                                                                                               
FORD                                                                                                
MILLER                                                                                              

13 rows selected.

SQL> SELECT ENAME FROM EMP WHERE JOB='MANAGER';

ENAME                                                                                               
----------                                                                                          
JONES                                                                                               
BLAKE                                                                                               
CLARK                                                                                               

SQL> SELECT ENAME ,SAL FROM EMP WHERE COMM='1400';

ENAME             SAL                                                                               
---------- ----------                                                                               
MARTIN           1250                                                                               

SQL> SELECT ENAME FROM EMP WHERE COMM>SAL;

ENAME                                                                                               
----------                                                                                          
MARTIN                                                                                              

SQL> SELECT EMPNO FROM EMP WHERE HIREDATE<'01-JAN-87';

     EMPNO                                                                                          
----------                                                                                          
      7369                                                                                          
      7499                                                                                          
      7521                                                                                          
      7566                                                                                          
      7654                                                                                          
      7698                                                                                          
      7782                                                                                          
      7839                                                                                          
      7844                                                                                          
      7900                                                                                          
      7902                                                                                          
      7934                                                                                          

12 rows selected.

SQL> SELECT * FROM EMP WHERE JOB='ANALYIST';

no rows selected

SQL> SELECT * FROM EMP WHERE JOB='ANALYST';

     EMPNO ENAME      JOB              MGR HIREDATE         SAL       COMM     DEPTNO               
---------- ---------- --------- ---------- --------- ---------- ---------- ----------               
      7788 SCOTT      ANALYST         7566 19-APR-87       3000                    20               
      7902 FORD       ANALYST         7566 03-DEC-81       3000                    20               

SQL> SELECT SAL FROM EMP WHERE SAL>2000;

       SAL                                                                                          
----------                                                                                          
      2975                                                                                          
      2850                                                                                          
      2450                                                                                          
      3000                                                                                          
      5000                                                                                          
      3000                                                                                          

6 rows selected.

SQL> Spool off
